I:\CPP sem 4\EmotiDesk\venv\lib\site-packages\transformers\utils\generic.py:441: FutureWarning: `torch.utils._pytree._register_pytree_node` is deprecated. Please use `torch.utils._pytree.register_pytree_node` instead.
  _torch_pytree._register_pytree_node(
I:\CPP sem 4\EmotiDesk\venv\lib\site-packages\transformers\utils\generic.py:309: FutureWarning: `torch.utils._pytree._register_pytree_node` is deprecated. Please use `torch.utils._pytree.register_pytree_node` instead.
  _torch_pytree._register_pytree_node(
Traceback (most recent call last):
  File "I:\CPP sem 4\EmotiDesk\backend\retrain_from_feedback.py", line 17, in <module>
    from datasets import Dataset
ModuleNotFoundError: No module named 'datasets'
